[dotenv@17.2.4] injecting env (3) from .env -- tip: ≡ƒôí add observability to secrets: https://dotenvx.com/ops
≡ƒÜÇ Starting Medicine Import Process...

node : Γ¥î MongoDB 
Connection Error: 
MongoParseError: 
options 
usenewurlparser, 
useunifiedtopology 
are not supported
At line:1 char:1
+ node scripts/importM
edicines.js 2>&1 | 
Out-File -FilePath 
error_log.t ...
+ ~~~~~~~~~~~~~~~~~~~~
~~~~~~~~~~~~~~~~
    + CategoryInfo    
          : NotSpeci  
  fied: (Γ¥î MongoD   
 B Con...e not sup    
ported:String) []    
, RemoteException
    + FullyQualifiedE 
   rrorId : NativeCo  
  mmandError
 
    at parseOptions 
(D:\New folder (25)\Ho
spital\Hospital\backen
d\node_modules\mongodb
\lib\connection_string
.js:272:15)
    at new 
MongoClient (D:\New 
folder (25)\Hospital\H
ospital\backend\node_m
odules\mongodb\lib\mon
go_client.js:67:61)
    at NativeConnectio
n.createClient 
(D:\New folder (25)\Ho
spital\Hospital\backen
d\node_modules\mongoos
e\lib\drivers\node-mon
godb-native\connection
.js:334:14)
    at NativeConnectio
n.openUri (D:\New 
folder (25)\Hospital\H
ospital\backend\node_m
odules\mongoose\lib\co
nnection.js:1075:34)
    at 
Mongoose.connect 
(D:\New folder (25)\Ho
spital\Hospital\backen
d\node_modules\mongoos
e\lib\mongoose.js:469:
15)
    at connectDB 
(D:\New folder (25)\Ho
spital\Hospital\backen
d\scripts\importMedici
nes.js:29:24)
    at main (D:\New 
folder (25)\Hospital\H
ospital\backend\script
s\importMedicines.js:1
49:15)
    at 
Object.<anonymous> 
(D:\New folder (25)\Ho
spital\Hospital\backen
d\scripts\importMedici
nes.js:201:1)
    at 
Module._compile (node:
internal/modules/cjs/l
oader:1803:14)
    at Object..js (nod
e:internal/modules/cjs
/loader:1934:10) {
  errorLabelSet: 
Set(0) {}
}
